2026-09-17T00:23:00.942958450Z [inf]  Starting Container
2026-09-17T00:23:01.960324364Z [inf]  
2026-09-17T00:23:01.960325304Z [err]  npm warn config production Use `--omit=dev` instead.
2026-09-17T00:23:01.960335183Z [inf]  Server listening at http://127.0.0.1:8080
2026-09-17T00:23:01.960338363Z [inf]  
2026-09-17T00:23:01.960344803Z [inf]  Server listening at http://10.178.16.204:8080
2026-09-17T00:23:01.960346753Z [inf]  > iackaton@1.0.0 start
2026-09-17T00:23:01.960368643Z [inf]  > node dist/server.js
2026-09-17T00:32:43.144496265Z [inf]  incoming request
2026-09-17T00:32:43.144500235Z [inf]  
2026-09-17T00:32:43.144504955Z [inf]  request completed
2026-09-17T00:32:43.144509065Z [inf]  Procesando mensaje de WhatsApp
2026-09-17T00:32:43.144513455Z [inf]  Meta Graph API request: {
2026-09-17T00:32:43.144518015Z [inf]    graphApiVersion: 'v25.0',
2026-09-17T00:32:43.144523694Z [inf]    phoneNumberId: '1352742341246338',
2026-09-17T00:32:43.144528164Z [inf]    recipientOriginal: '54*******2272',
2026-09-17T00:32:43.144532324Z [inf]    recipientFinal: '54******2272',
2026-09-17T00:32:43.144536464Z [inf]    recipientLength: 12,
2026-09-17T00:32:43.144540004Z [inf]    messageType: 'text'
2026-09-17T00:32:43.144543824Z [inf]  }
2026-09-17T00:32:43.144548214Z [inf]  
2026-09-17T00:32:43.144760779Z [inf]  
2026-09-17T00:32:43.144764789Z [inf]  
2026-09-17T00:32:43.144768319Z [inf]  
2026-09-17T00:32:43.144772029Z [inf]  Meta Graph API request: {
2026-09-17T00:32:43.144775299Z [inf]    graphApiVersion: 'v25.0',
2026-09-17T00:32:43.144778659Z [inf]    phoneNumberId: '1352742341246338',
2026-09-17T00:32:43.144781829Z [inf]    recipientOriginal: '54*******2272',
2026-09-17T00:32:43.144785259Z [inf]    recipientFinal: '54******2272',
2026-09-17T00:32:43.144788949Z [inf]    recipientLength: 12,
2026-09-17T00:32:43.144792599Z [inf]    messageType: 'text'
2026-09-17T00:32:43.144795789Z [inf]  }
2026-09-17T00:32:43.144799249Z [inf]  
2026-09-17T00:32:43.144802579Z [inf]  
2026-09-17T00:32:43.144806318Z [inf]  Error procesando webhook de WhatsApp
2026-09-17T00:33:03.116624981Z [inf]  incoming request
2026-09-17T00:33:03.116628751Z [inf]  request completed
2026-09-17T00:34:33.194184739Z [inf]  incoming request
2026-09-17T00:34:33.194188809Z [inf]  
2026-09-17T00:34:33.194192269Z [inf]  request completed
2026-09-17T00:34:33.194197149Z [inf]  Procesando mensaje de WhatsApp
2026-09-17T00:34:33.194200669Z [inf]  Meta Graph API request: {
2026-09-17T00:34:33.194204099Z [inf]    graphApiVersion: 'v25.0',
2026-09-17T00:34:33.194207418Z [inf]    phoneNumberId: '1352742341246338',
2026-09-17T00:34:33.194210448Z [inf]    recipientOriginal: '54*******2272',
2026-09-17T00:34:33.194214168Z [inf]    recipientFinal: '54******2272',
2026-09-17T00:34:33.194217898Z [inf]    recipientLength: 12,
2026-09-17T00:34:33.194221178Z [inf]    messageType: 'text'
2026-09-17T00:34:33.194224808Z [inf]  }
2026-09-17T00:34:33.194228618Z [inf]  
2026-09-17T00:34:33.194231798Z [inf]  Mensaje de WhatsApp procesado correctamente
2026-09-17T00:34:33.194602730Z [inf]  incoming request
2026-09-17T00:34:33.194605760Z [inf]  request completed
2026-09-17T00:34:33.194608690Z [inf]  incoming request
2026-09-17T00:34:33.194611240Z [inf]  request completed
2026-09-17T00:36:23.280599955Z [inf]  incoming request
2026-09-17T00:36:23.280602865Z [inf]  
2026-09-17T00:36:23.280606265Z [inf]  request completed
2026-09-17T00:36:23.280608865Z [inf]  Procesando mensaje de WhatsApp
2026-09-17T00:36:23.280611295Z [inf]  Meta Graph API request: {
2026-09-17T00:36:23.280613735Z [inf]    graphApiVersion: 'v25.0',
2026-09-17T00:36:23.280616734Z [inf]    phoneNumberId: '1352742341246338',
2026-09-17T00:36:23.280619864Z [inf]    recipientOriginal: '54*******2272',
2026-09-17T00:36:23.280622154Z [inf]    recipientFinal: '54******2272',
2026-09-17T00:36:23.280625204Z [inf]    recipientLength: 12,
2026-09-17T00:36:23.280627394Z [inf]    messageType: 'text'
2026-09-17T00:36:23.280629754Z [inf]  }
2026-09-17T00:36:23.280632594Z [inf]  
2026-09-17T00:36:23.280634714Z [inf]  Mensaje de WhatsApp procesado correctamente
2026-09-17T00:36:23.281043996Z [inf]  incoming request
2026-09-17T00:36:23.281046956Z [inf]  request completed
2026-09-17T00:36:23.281050176Z [inf]  incoming request
2026-09-17T00:36:23.281052575Z [inf]  request completed
2026-09-17T00:36:25.211973304Z [inf]  incoming request
2026-09-17T00:36:25.211977723Z [inf]  
2026-09-17T00:36:25.211980573Z [inf]  request completed
2026-09-17T00:36:25.211982893Z [inf]  Procesando mensaje de WhatsApp
2026-09-17T00:36:25.588591566Z [inf]  Meta Graph API request: {
2026-09-17T00:36:25.588596925Z [inf]    graphApiVersion: 'v25.0',
2026-09-17T00:36:25.588600485Z [inf]    phoneNumberId: '1352742341246338',
2026-09-17T00:36:25.588603995Z [inf]    recipientOriginal: '54*******2272',
2026-09-17T00:36:25.588606876Z [inf]    recipientFinal: '54******2272',
2026-09-17T00:36:25.588610036Z [inf]    recipientLength: 12,
2026-09-17T00:36:25.588613556Z [inf]    messageType: 'text'
2026-09-17T00:36:25.588619006Z [inf]  }
2026-09-17T00:36:26.195352534Z [inf]  
2026-09-17T00:36:26.392214472Z [inf]  Mensaje de WhatsApp procesado correctamente
2026-09-17T00:36:27.803598565Z [inf]  incoming request
2026-09-17T00:36:27.803601515Z [inf]  request completed
2026-09-17T00:36:27.832756725Z [inf]  incoming request
2026-09-17T00:36:27.832761115Z [inf]  request completed
2026-09-17T00:36:57.863214184Z [inf]  incoming request
2026-09-17T00:36:57.863217314Z [inf]  
2026-09-17T00:36:57.863220384Z [inf]  request completed
2026-09-17T00:36:57.863222934Z [inf]  Procesando mensaje de WhatsApp
2026-09-17T00:36:57.863225444Z [inf]  Meta Graph API request: {
2026-09-17T00:36:57.863228014Z [inf]    graphApiVersion: 'v25.0',
2026-09-17T00:36:57.863230564Z [inf]    phoneNumberId: '1352742341246338',
2026-09-17T00:36:57.863233554Z [inf]    recipientOriginal: '54*******2272',
2026-09-17T00:36:57.863236303Z [inf]    recipientFinal: '54******2272',
2026-09-17T00:36:57.863239073Z [inf]    recipientLength: 12,
2026-09-17T00:36:57.863241483Z [inf]    messageType: 'text'
2026-09-17T00:36:57.863243743Z [inf]  }
2026-09-17T00:36:57.863246793Z [inf]  
2026-09-17T00:36:57.863249403Z [inf]  Mensaje de WhatsApp procesado correctamente
2026-09-17T00:36:58.092534392Z [inf]  incoming request
2026-09-17T00:36:58.092538732Z [inf]  request completed
2026-09-17T00:36:58.662868049Z [inf]  incoming request
2026-09-17T00:36:58.662873849Z [inf]  request completed
2026-09-17T00:37:05.121478212Z [inf]  incoming request
2026-09-17T00:37:05.121482562Z [inf]  
2026-09-17T00:37:05.121485502Z [inf]  request completed
2026-09-17T00:37:05.121488592Z [inf]  Procesando mensaje de WhatsApp
2026-09-17T00:37:09.217508517Z [inf]  Meta Graph API request: {
2026-09-17T00:37:09.217512377Z [inf]    graphApiVersion: 'v25.0',
2026-09-17T00:37:09.217515937Z [inf]    phoneNumberId: '1352742341246338',
2026-09-17T00:37:09.217518937Z [inf]    recipientOriginal: '54*******2272',
2026-09-17T00:37:09.217521717Z [inf]    recipientFinal: '54******2272',
2026-09-17T00:37:09.217524367Z [inf]    recipientLength: 12,
2026-09-17T00:37:09.217526887Z [inf]    messageType: 'text'
2026-09-17T00:37:09.217529207Z [inf]  }
2026-09-17T00:37:09.909628576Z [inf]  
2026-09-17T00:37:10.100950904Z [inf]  Mensaje de WhatsApp procesado correctamente
2026-09-17T00:37:11.779992412Z [inf]  incoming request
2026-09-17T00:37:11.779997612Z [inf]  request completed
2026-09-17T00:37:11.799430419Z [inf]  incoming request
2026-09-17T00:37:11.799435869Z [inf]  request completed
2026-09-17T00:37:31.778174949Z [inf]  incoming request
2026-09-17T00:37:31.778179929Z [inf]  
2026-09-17T00:37:31.778182639Z [inf]  request completed
2026-09-17T00:37:31.778185979Z [inf]  Procesando mensaje de WhatsApp
2026-09-17T00:37:31.778188559Z [inf]  Meta Graph API request: {
2026-09-17T00:37:31.778190819Z [inf]    graphApiVersion: 'v25.0',
2026-09-17T00:37:31.778193129Z [inf]    phoneNumberId: '1352742341246338',
2026-09-17T00:37:31.778195619Z [inf]    recipientOriginal: '54*******2272',
2026-09-17T00:37:31.778198179Z [inf]    recipientFinal: '54******2272',
2026-09-17T00:37:31.778200419Z [inf]    recipientLength: 12,
2026-09-17T00:37:31.778202579Z [inf]    messageType: 'text'
2026-09-17T00:37:31.778204719Z [inf]  }
2026-09-17T00:37:31.778207018Z [inf]  
2026-09-17T00:37:31.778210098Z [inf]  Mensaje de WhatsApp procesado correctamente
2026-09-17T00:37:31.778415054Z [inf]  incoming request
2026-09-17T00:37:31.778417644Z [inf]  request completed
2026-09-17T00:37:31.778420054Z [inf]  incoming request
2026-09-17T00:37:31.778422774Z [inf]  request completed
2026-09-17T00:37:37.333379158Z [inf]  incoming request
2026-09-17T00:37:37.333382798Z [inf]  
2026-09-17T00:37:37.333385288Z [inf]  request completed
2026-09-17T00:37:37.333394198Z [inf]  Procesando mensaje de WhatsApp
2026-09-17T00:37:39.413772129Z [inf]  Meta Graph API request: {
2026-09-17T00:37:39.413777619Z [inf]    graphApiVersion: 'v25.0',
2026-09-17T00:37:39.413781749Z [inf]    phoneNumberId: '1352742341246338',
2026-09-17T00:37:39.413784569Z [inf]    recipientOriginal: '54*******2272',
2026-09-17T00:37:39.413787079Z [inf]    recipientFinal: '54******2272',
2026-09-17T00:37:39.413789769Z [inf]    recipientLength: 12,
2026-09-17T00:37:39.413797099Z [inf]    messageType: 'text'
2026-09-17T00:37:39.413799869Z [inf]  }
2026-09-17T00:37:40.100883802Z [inf]  
2026-09-17T00:37:41.091727052Z [inf]  incoming request
2026-09-17T00:37:41.091729292Z [inf]  request completed
2026-09-17T00:37:41.349176727Z [inf]  incoming request
2026-09-17T00:37:41.349181857Z [inf]  request completed
2026-09-17T00:37:41.572488643Z [inf]  Mensaje de WhatsApp procesado correctamente
2026-09-17T00:38:01.565180228Z [inf]  incoming request
2026-09-17T00:38:01.565189888Z [inf]  request completed
2026-09-17T00:38:01.565194678Z [inf]  
2026-09-17T00:38:01.565198818Z [inf]  Procesando mensaje de WhatsApp
2026-09-17T00:38:01.565203448Z [inf]  Meta Graph API request: {
2026-09-17T00:38:01.565206668Z [inf]    graphApiVersion: 'v25.0',
2026-09-17T00:38:01.565211238Z [inf]    phoneNumberId: '1352742341246338',
2026-09-17T00:38:01.565214228Z [inf]    recipientOriginal: '54*******2272',
2026-09-17T00:38:01.565218297Z [inf]    recipientFinal: '54******2272',
2026-09-17T00:38:01.565222477Z [inf]    recipientLength: 12,
2026-09-17T00:38:01.565226357Z [inf]    messageType: 'text'
2026-09-17T00:38:01.565229557Z [inf]  }
2026-09-17T00:38:01.565233317Z [inf]  
2026-09-17T00:38:01.565236837Z [inf]  Mensaje de WhatsApp procesado correctamente
2026-09-17T00:38:01.565888484Z [inf]  incoming request
2026-09-17T00:38:01.565893544Z [inf]  request completed
2026-09-17T00:38:01.565896843Z [inf]  incoming request
2026-09-17T00:38:01.565899893Z [inf]  request completed
2026-09-17T00:38:31.616634359Z [inf]  incoming request
2026-09-17T00:38:31.616638529Z [inf]  
2026-09-17T00:38:31.616642679Z [inf]  request completed
2026-09-17T00:38:31.616647289Z [inf]  Procesando mensaje de WhatsApp
2026-09-17T00:38:31.616650889Z [inf]  Meta Graph API request: {
2026-09-17T00:38:31.616654279Z [inf]    graphApiVersion: 'v25.0',
2026-09-17T00:38:31.616656789Z [inf]    phoneNumberId: '1352742341246338',
2026-09-17T00:38:31.616659899Z [inf]    recipientOriginal: '54*******2272',
2026-09-17T00:38:31.616663309Z [inf]    recipientFinal: '54******2272',
2026-09-17T00:38:31.616666039Z [inf]    recipientLength: 12,
2026-09-17T00:38:31.616670259Z [inf]    messageType: 'text'
2026-09-17T00:38:31.616674369Z [inf]  }
2026-09-17T00:38:31.616677099Z [inf]  
2026-09-17T00:38:31.616680669Z [inf]  Mensaje de WhatsApp procesado correctamente
2026-09-17T00:38:31.616757337Z [inf]  incoming request
2026-09-17T00:38:31.616762847Z [inf]  request completed
2026-09-17T00:38:31.616766627Z [inf]  incoming request
2026-09-17T00:38:31.616769687Z [inf]  request completed
2026-09-17T00:38:38.975405281Z [inf]  incoming request
2026-09-17T00:38:38.975411131Z [inf]  
2026-09-17T00:38:38.975414491Z [inf]  request completed
2026-09-17T00:38:38.975419121Z [inf]  Procesando mensaje de WhatsApp
2026-09-17T00:38:41.483968106Z [inf]  Meta Graph API request: {
2026-09-17T00:38:41.483973485Z [inf]    graphApiVersion: 'v25.0',
2026-09-17T00:38:41.483976315Z [inf]    phoneNumberId: '1352742341246338',
2026-09-17T00:38:41.483979445Z [inf]    recipientOriginal: '54*******2272',
2026-09-17T00:38:41.483982075Z [inf]    recipientFinal: '54******2272',
2026-09-17T00:38:41.483984535Z [inf]    recipientLength: 12,
2026-09-17T00:38:41.483986675Z [inf]    messageType: 'text'
2026-09-17T00:38:41.483990735Z [inf]  }
2026-09-17T00:38:42.087547797Z [inf]  
2026-09-17T00:38:42.281863117Z [inf]  Mensaje de WhatsApp procesado correctamente
2026-09-17T00:38:43.780439819Z [inf]  incoming request
2026-09-17T00:38:43.780444399Z [inf]  request completed
2026-09-17T00:38:44.050631000Z [inf]  incoming request
2026-09-17T00:38:44.050634050Z [inf]  request completed
2026-09-17T00:39:04.048827025Z [inf]  incoming request
2026-09-17T00:39:04.048832275Z [inf]  
2026-09-17T00:39:04.048835325Z [inf]  request completed
2026-09-17T00:39:04.048838405Z [inf]  Procesando mensaje de WhatsApp
2026-09-17T00:39:04.048843375Z [inf]  Meta Graph API request: {
2026-09-17T00:39:04.048846215Z [inf]    graphApiVersion: 'v25.0',
2026-09-17T00:39:04.048848855Z [inf]    phoneNumberId: '1352742341246338',
2026-09-17T00:39:04.048851925Z [inf]    recipientOriginal: '54*******2272',
2026-09-17T00:39:04.048854185Z [inf]    recipientFinal: '54******2272',
2026-09-17T00:39:04.048856765Z [inf]    recipientLength: 12,
2026-09-17T00:39:04.048859305Z [inf]    messageType: 'text'
2026-09-17T00:39:04.048862645Z [inf]  }
2026-09-17T00:39:04.048865015Z [inf]  
2026-09-17T00:39:04.048868035Z [inf]  Mensaje de WhatsApp procesado correctamente
2026-09-17T00:39:04.049315095Z [inf]  incoming request
2026-09-17T00:39:04.049317355Z [inf]  request completed
2026-09-17T00:39:04.049320025Z [inf]  incoming request
2026-09-17T00:39:04.049322595Z [inf]  request completed
2026-09-17T00:39:24.030899501Z [inf]  }
2026-09-17T00:39:24.030906321Z [inf]  
2026-09-17T00:39:24.030910581Z [inf]  Mensaje de WhatsApp procesado correctamente
2026-09-17T00:39:24.030921690Z [inf]  Meta Graph API request: {
2026-09-17T00:39:24.030928040Z [inf]  incoming request
2026-09-17T00:39:24.030933420Z [inf]  
2026-09-17T00:39:24.030935730Z [inf]    graphApiVersion: 'v25.0',
2026-09-17T00:39:24.030940080Z [inf]  request completed
2026-09-17T00:39:24.030943870Z [inf]    phoneNumberId: '1352742341246338',
2026-09-17T00:39:24.030946940Z [inf]  Procesando mensaje de WhatsApp
2026-09-17T00:39:24.030951150Z [inf]    recipientOriginal: '54*******2272',
2026-09-17T00:39:24.030954980Z [inf]    recipientFinal: '54******2272',
2026-09-17T00:39:24.030958310Z [inf]    recipientLength: 12,
2026-09-17T00:39:24.030961330Z [inf]    messageType: 'text'
2026-09-17T00:39:24.031472659Z [inf]  incoming request
2026-09-17T00:39:24.031478749Z [inf]  request completed
2026-09-17T00:39:24.031482309Z [inf]  incoming request
2026-09-17T00:39:24.031486229Z [inf]  request completed
2026-09-17T00:39:28.650391886Z [inf]  incoming request
2026-09-17T00:39:28.650396276Z [inf]  
2026-09-17T00:39:28.650399156Z [inf]  request completed
2026-09-17T00:39:28.650401786Z [inf]  Procesando mensaje de WhatsApp
2026-09-17T00:39:31.246395168Z [inf]  Meta Graph API request: {
2026-09-17T00:39:31.246399827Z [inf]    graphApiVersion: 'v25.0',
2026-09-17T00:39:31.246406427Z [inf]    phoneNumberId: '1352742341246338',
2026-09-17T00:39:31.246412807Z [inf]    recipientOriginal: '54*******2272',
2026-09-17T00:39:31.246417747Z [inf]    recipientFinal: '54******2272',
2026-09-17T00:39:31.246422057Z [inf]    recipientLength: 12,
2026-09-17T00:39:31.246427227Z [inf]    messageType: 'text'
2026-09-17T00:39:31.246432267Z [inf]  }
2026-09-17T00:39:31.825172882Z [inf]  
2026-09-17T00:39:32.147792785Z [inf]  Mensaje de WhatsApp procesado correctamente
2026-09-17T00:39:33.247678735Z [inf]  incoming request
2026-09-17T00:39:33.247681495Z [inf]  request completed
2026-09-17T00:39:33.485675606Z [inf]  incoming request
2026-09-17T00:39:33.485679006Z [inf]  request completed
2026-09-17T00:40:23.571727861Z [inf]  incoming request
2026-09-17T00:40:23.571733981Z [inf]  
2026-09-17T00:40:23.571737801Z [inf]  request completed
2026-09-17T00:40:23.571740981Z [inf]  Procesando mensaje de WhatsApp
2026-09-17T00:40:24.857794095Z [inf]  Meta Graph API request: {
2026-09-17T00:40:24.857798204Z [inf]    graphApiVersion: 'v25.0',
2026-09-17T00:40:24.857801614Z [inf]    phoneNumberId: '1352742341246338',
2026-09-17T00:40:24.857803784Z [inf]    recipientOriginal: '54*******2272',
2026-09-17T00:40:24.857806404Z [inf]    recipientFinal: '54******2272',
2026-09-17T00:40:24.857810094Z [inf]    recipientLength: 12,
2026-09-17T00:40:24.857812434Z [inf]    messageType: 'text'
2026-09-17T00:40:24.857815414Z [inf]  }
2026-09-17T00:40:25.471233707Z [inf]  
2026-09-17T00:40:25.654705990Z [inf]  Mensaje de WhatsApp procesado correctamente
2026-09-17T00:40:26.727165730Z [inf]  request completed
2026-09-17T00:40:26.727271409Z [inf]  incoming request
2026-09-17T00:40:27.012408598Z [inf]  incoming request
2026-09-17T00:40:27.012939357Z [inf]  request completed
2026-09-17T00:40:35.024308140Z [inf]  incoming request
2026-09-17T00:40:35.024311399Z [inf]  
2026-09-17T00:40:35.024314649Z [inf]  request completed
2026-09-17T00:40:35.024317749Z [inf]  Procesando mensaje de WhatsApp
2026-09-17T00:40:37.292537509Z [inf]  Meta Graph API request: {
2026-09-17T00:40:37.292542639Z [inf]    graphApiVersion: 'v25.0',
2026-09-17T00:40:37.292545959Z [inf]    phoneNumberId: '1352742341246338',
2026-09-17T00:40:37.292549039Z [inf]    recipientOriginal: '54*******2272',
2026-09-17T00:40:37.292552059Z [inf]    recipientFinal: '54******2272',
2026-09-17T00:40:37.292555209Z [inf]    recipientLength: 12,
2026-09-17T00:40:37.292558369Z [inf]    messageType: 'text'
2026-09-17T00:40:37.292561729Z [inf]  }
2026-09-17T00:40:37.943411649Z [inf]  
2026-09-17T00:40:38.320961422Z [inf]  Mensaje de WhatsApp procesado correctamente
2026-09-17T00:40:38.969459349Z [inf]  incoming request
2026-09-17T00:40:38.969462349Z [inf]  request completed
2026-09-17T00:40:39.385388401Z [inf]  incoming request
2026-09-17T00:40:39.385391771Z [inf]  request completed
2026-09-17T00:40:44.839359366Z [inf]  incoming request
2026-09-17T00:40:44.839365006Z [inf]  
2026-09-17T00:40:44.839368486Z [inf]  request completed
2026-09-17T00:40:44.839372316Z [inf]  Procesando mensaje de WhatsApp
2026-09-17T00:40:47.270770156Z [inf]  Meta Graph API request: {
2026-09-17T00:40:47.270774586Z [inf]    graphApiVersion: 'v25.0',
2026-09-17T00:40:47.270778506Z [inf]    phoneNumberId: '1352742341246338',
2026-09-17T00:40:47.270782426Z [inf]    recipientOriginal: '54*******2272',
2026-09-17T00:40:47.270786206Z [inf]    recipientFinal: '54******2272',
2026-09-17T00:40:47.270789596Z [inf]    recipientLength: 12,
2026-09-17T00:40:47.270794056Z [inf]    messageType: 'text'
2026-09-17T00:40:47.270797466Z [inf]  }
2026-09-17T00:40:47.834883237Z [inf]  
2026-09-17T00:40:48.018191093Z [inf]  Mensaje de WhatsApp procesado correctamente
2026-09-17T00:40:49.515323240Z [inf]  incoming request
2026-09-17T00:40:49.515326550Z [inf]  request completed
2026-09-17T00:40:49.883571980Z [inf]  incoming request
2026-09-17T00:40:49.883576150Z [inf]  request completed
2026-09-17T00:41:59.910600872Z [inf]  request completed
2026-09-17T00:41:59.910605272Z [inf]    recipientFinal: '54******2272',
2026-09-17T00:41:59.910634331Z [inf]  incoming request
2026-09-17T00:41:59.910637771Z [inf]    recipientLength: 12,
2026-09-17T00:41:59.910643681Z [inf]  request completed
2026-09-17T00:41:59.910644441Z [inf]    messageType: 'text'
2026-09-17T00:41:59.910649781Z [inf]  }
2026-09-17T00:41:59.910653671Z [inf]  
2026-09-17T00:41:59.910658630Z [inf]  Mensaje de WhatsApp procesado correctamente
2026-09-17T00:41:59.910662640Z [inf]  incoming request
2026-09-17T00:41:59.910669640Z [inf]  
2026-09-17T00:41:59.910671680Z [inf]  incoming request
2026-09-17T00:41:59.910675990Z [inf]  request completed
2026-09-17T00:41:59.910680590Z [inf]  Procesando mensaje de WhatsApp
2026-09-17T00:41:59.910685180Z [inf]  Meta Graph API request: {
2026-09-17T00:41:59.910689190Z [inf]    graphApiVersion: 'v25.0',
2026-09-17T00:41:59.910693340Z [inf]    phoneNumberId: '1352742341246338',
2026-09-17T00:41:59.910698660Z [inf]    recipientOriginal: '54*******2272',
2026-09-17T00:42:06.195358669Z [inf]  incoming request
2026-09-17T00:42:06.195362979Z [inf]  
2026-09-17T00:42:06.195367389Z [inf]  request completed
2026-09-17T00:42:06.195372509Z [inf]  Procesando mensaje de WhatsApp
2026-09-17T00:42:10.673205901Z [inf]  Meta Graph API request: {
2026-09-17T00:42:10.673211131Z [inf]    graphApiVersion: 'v25.0',
2026-09-17T00:42:10.673216551Z [inf]    phoneNumberId: '1352742341246338',
2026-09-17T00:42:10.673220991Z [inf]    recipientOriginal: '54*******2272',
2026-09-17T00:42:10.673226160Z [inf]    recipientFinal: '54******2272',
2026-09-17T00:42:10.673232280Z [inf]    recipientLength: 12,
2026-09-17T00:42:10.673237030Z [inf]    messageType: 'text'
2026-09-17T00:42:10.673241830Z [inf]  }
2026-09-17T00:42:11.449719041Z [inf]  
2026-09-17T00:42:11.802193624Z [inf]  Mensaje de WhatsApp procesado correctamente
2026-09-17T00:42:12.539530641Z [inf]  incoming request
2026-09-17T00:42:12.539533700Z [inf]  request completed
2026-09-17T00:42:12.724190666Z [inf]  incoming request
2026-09-17T00:42:12.724197756Z [inf]  request completed
2026-09-17T00:42:42.743891954Z [inf]  incoming request
2026-09-17T00:42:42.743895864Z [inf]  
2026-09-17T00:42:42.743900324Z [inf]  request completed
2026-09-17T00:42:42.743904673Z [inf]  Procesando mensaje de WhatsApp
2026-09-17T00:42:42.743974492Z [inf]  Meta Graph API request: {
2026-09-17T00:42:42.743978622Z [inf]    graphApiVersion: 'v25.0',
2026-09-17T00:42:42.743983002Z [inf]    phoneNumberId: '1352742341246338',
2026-09-17T00:42:42.743987442Z [inf]    recipientOriginal: '54*******2272',
2026-09-17T00:42:42.743991052Z [inf]    recipientFinal: '54******2272',
2026-09-17T00:42:42.743994892Z [inf]    recipientLength: 12,
2026-09-17T00:42:42.743998892Z [inf]    messageType: 'text'
2026-09-17T00:42:42.744005151Z [inf]  }
2026-09-17T00:42:42.744010631Z [inf]  
2026-09-17T00:42:42.744015681Z [inf]  Mensaje de WhatsApp procesado correctamente
2026-09-17T00:42:42.744029041Z [inf]  incoming request
2026-09-17T00:42:42.744034501Z [inf]  request completed
2026-09-17T00:42:42.744037241Z [inf]  incoming request
2026-09-17T00:42:42.744040481Z [inf]  request completed
2026-09-17T00:43:12.770962345Z [inf]  incoming request
2026-09-17T00:43:12.770964715Z [inf]  request completed
2026-09-17T00:43:12.770966965Z [inf]  
2026-09-17T00:43:12.770969245Z [inf]  Procesando mensaje de WhatsApp
2026-09-17T00:43:14.950634876Z [inf]  Meta Graph API request: {
2026-09-17T00:43:14.950640976Z [inf]    graphApiVersion: 'v25.0',
2026-09-17T00:43:14.950644216Z [inf]    phoneNumberId: '1352742341246338',
2026-09-17T00:43:14.950647426Z [inf]    recipientOriginal: '54*******2272',
2026-09-17T00:43:14.950651966Z [inf]    recipientFinal: '54******2272',
2026-09-17T00:43:14.950655405Z [inf]    recipientLength: 12,
2026-09-17T00:43:14.950659415Z [inf]    messageType: 'text'
2026-09-17T00:43:14.950662325Z [inf]  }
2026-09-17T00:43:15.781134438Z [inf]  
2026-09-17T00:43:15.957304503Z [inf]  Mensaje de WhatsApp procesado correctamente
2026-09-17T00:43:17.095492794Z [inf]  incoming request
2026-09-17T00:43:17.095497334Z [inf]  request completed
2026-09-17T00:43:17.207804629Z [inf]  incoming request
2026-09-17T00:43:17.207810349Z [inf]  request completed
2026-09-17T00:46:37.600586861Z [inf]  incoming request
2026-09-17T00:46:37.600591631Z [inf]  
2026-09-17T00:46:37.600594961Z [inf]  request completed
2026-09-17T00:46:37.600598481Z [inf]  Procesando mensaje de WhatsApp
2026-09-17T00:46:43.131439664Z [inf]  Meta Graph API request: {
2026-09-17T00:46:43.131443704Z [inf]    graphApiVersion: 'v25.0',
2026-09-17T00:46:43.131446454Z [inf]    phoneNumberId: '1352742341246338',
2026-09-17T00:46:43.131448893Z [inf]    recipientOriginal: '54*******2272',
2026-09-17T00:46:43.131451603Z [inf]    recipientFinal: '54******2272',
2026-09-17T00:46:43.131454363Z [inf]    recipientLength: 12,
2026-09-17T00:46:43.131456803Z [inf]    messageType: 'text'
2026-09-17T00:46:43.131459533Z [inf]  }
2026-09-17T00:46:43.748055797Z [inf]  
2026-09-17T00:46:44.125988655Z [inf]  Mensaje de WhatsApp procesado correctamente
2026-09-17T00:46:45.062739614Z [inf]  incoming request
2026-09-17T00:46:45.062742504Z [inf]  request completed
2026-09-17T00:46:45.133679598Z [inf]  incoming request
2026-09-17T00:46:45.133683538Z [inf]  request completed
2026-09-17T00:49:45.288216616Z [inf]  Procesando mensaje de WhatsApp
2026-09-17T00:49:45.288222195Z [inf]  incoming request
2026-09-17T00:49:45.288226415Z [inf]  
2026-09-17T00:49:45.288230085Z [inf]  request completed
2026-09-17T00:49:54.284962879Z [inf]  Meta Graph API request: {
2026-09-17T00:49:54.284966499Z [inf]    graphApiVersion: 'v25.0',
2026-09-17T00:49:54.284970409Z [inf]    phoneNumberId: '1352742341246338',
2026-09-17T00:49:54.284974629Z [inf]    recipientOriginal: '54*******2272',
2026-09-17T00:49:54.284978619Z [inf]    recipientFinal: '54******2272',
2026-09-17T00:49:54.284981508Z [inf]    recipientLength: 12,
2026-09-17T00:49:54.284984468Z [inf]    messageType: 'text'
2026-09-17T00:49:54.284988768Z [inf]  }
2026-09-17T00:49:54.930828874Z [inf]  
2026-09-17T00:49:55.148632929Z [inf]  Mensaje de WhatsApp procesado correctamente
2026-09-17T00:49:56.292010364Z [inf]  incoming request
2026-09-17T00:49:56.292014734Z [inf]  request completed
2026-09-17T00:49:56.476295725Z [inf]  incoming request
2026-09-17T00:49:56.476298535Z [inf]  request completed
2026-09-17T00:51:06.594921958Z [inf]  
2026-09-17T00:51:06.594927478Z [inf]  request completed
2026-09-17T00:51:06.594931218Z [inf]  Procesando mensaje de WhatsApp
2026-09-17T00:51:06.594984817Z [inf]  incoming request
2026-09-17T00:51:06.913253842Z [inf]  Meta Graph API request: {
2026-09-17T00:51:06.913258892Z [inf]    graphApiVersion: 'v25.0',
2026-09-17T00:51:06.913261982Z [inf]    phoneNumberId: '1352742341246338',
2026-09-17T00:51:06.913265052Z [inf]    recipientOriginal: '54*******2272',
2026-09-17T00:51:06.913268092Z [inf]    recipientFinal: '54******2272',
2026-09-17T00:51:06.913270652Z [inf]    recipientLength: 12,
2026-09-17T00:51:06.913273402Z [inf]    messageType: 'text'
2026-09-17T00:51:06.913276142Z [inf]  }
2026-09-17T00:51:07.527364220Z [inf]  
2026-09-17T00:51:07.691370893Z [inf]  Mensaje de WhatsApp procesado correctamente
2026-09-17T00:51:09.072135237Z [inf]  incoming request
2026-09-17T00:51:09.072139177Z [inf]  request completed
2026-09-17T00:51:09.220362222Z [inf]  incoming request
2026-09-17T00:51:09.220368032Z [inf]  request completed
2026-09-17T00:51:29.215257475Z [inf]  incoming request
2026-09-17T00:51:29.215263795Z [inf]  
2026-09-17T00:51:29.215268164Z [inf]  request completed
2026-09-17T00:51:29.215271804Z [inf]  Procesando mensaje de WhatsApp
2026-09-17T00:51:29.215274934Z [inf]  Meta Graph API request: {
2026-09-17T00:51:29.215280714Z [inf]    graphApiVersion: 'v25.0',
2026-09-17T00:51:29.215284214Z [inf]    phoneNumberId: '1352742341246338',
2026-09-17T00:51:29.215287354Z [inf]    recipientOriginal: '54*******2272',
2026-09-17T00:51:29.215290834Z [inf]    recipientFinal: '54******2272',
2026-09-17T00:51:29.215293924Z [inf]    recipientLength: 12,
2026-09-17T00:51:29.215297584Z [inf]    messageType: 'text'
2026-09-17T00:51:29.215300544Z [inf]  }
2026-09-17T00:51:29.215303674Z [inf]  
2026-09-17T00:51:29.215306954Z [inf]  Mensaje de WhatsApp procesado correctamente
2026-09-17T00:51:29.217849712Z [inf]  incoming request
2026-09-17T00:51:29.217854741Z [inf]  request completed
2026-09-17T00:51:29.217858371Z [inf]  incoming request
2026-09-17T00:51:29.217862001Z [inf]  request completed
2026-09-17T00:51:49.211499310Z [inf]  incoming request
2026-09-17T00:51:49.211506480Z [inf]  
2026-09-17T00:51:49.211511100Z [inf]  request completed
2026-09-17T00:51:49.211515039Z [inf]  Procesando mensaje de WhatsApp
2026-09-17T00:51:49.211519939Z [inf]  Meta Graph API request: {
2026-09-17T00:51:49.211524449Z [inf]    graphApiVersion: 'v25.0',
2026-09-17T00:51:49.211528259Z [inf]    phoneNumberId: '1352742341246338',
2026-09-17T00:51:49.211531969Z [inf]    recipientOriginal: '54*******2272',
2026-09-17T00:51:49.211535509Z [inf]    recipientFinal: '54******2272',
2026-09-17T00:51:49.211539549Z [inf]    recipientLength: 12,
2026-09-17T00:51:49.211543159Z [inf]    messageType: 'text'
2026-09-17T00:51:49.211546839Z [inf]  }
2026-09-17T00:51:49.211550459Z [inf]  
2026-09-17T00:51:49.573168278Z [inf]  Mensaje de WhatsApp procesado correctamente
2026-09-17T00:51:50.508079476Z [inf]  incoming request
2026-09-17T00:51:50.508087546Z [inf]  request completed
2026-09-17T00:51:51.227502183Z [inf]  incoming request
2026-09-17T00:51:51.227506263Z [inf]  request completed
2026-09-17T00:52:21.234398294Z [inf]  Meta Graph API request: {
2026-09-17T00:52:21.234402984Z [inf]    graphApiVersion: 'v25.0',
2026-09-17T00:52:21.234406144Z [inf]    phoneNumberId: '1352742341246338',
2026-09-17T00:52:21.234438373Z [inf]    recipientOriginal: '54*******2272',
2026-09-17T00:52:21.234442733Z [inf]    recipientFinal: '54******2272',
2026-09-17T00:52:21.234447233Z [inf]    recipientLength: 12,
2026-09-17T00:52:21.234456473Z [inf]    messageType: 'text'
2026-09-17T00:52:21.234462163Z [inf]  }
2026-09-17T00:52:21.234466453Z [inf]  
2026-09-17T00:52:21.234470933Z [inf]  Mensaje de WhatsApp procesado correctamente
2026-09-17T00:52:21.234474263Z [inf]  incoming request
2026-09-17T00:52:21.234481453Z [inf]  
2026-09-17T00:52:21.234486182Z [inf]  request completed
2026-09-17T00:52:21.234489352Z [inf]  Procesando mensaje de WhatsApp
2026-09-17T00:52:21.234952633Z [inf]  incoming request
2026-09-17T00:52:21.234956993Z [inf]  request completed
2026-09-17T00:52:21.234960203Z [inf]  incoming request
2026-09-17T00:52:21.234963803Z [inf]  request completed
2026-09-17T00:53:31.360493766Z [inf]  incoming request
2026-09-17T00:53:31.360498526Z [inf]  request completed
2026-09-17T00:53:31.360501946Z [inf]  
2026-09-17T00:53:31.360505666Z [inf]  Procesando mensaje de WhatsApp
2026-09-17T00:53:31.360509496Z [inf]  Meta Graph API request: {
2026-09-17T00:53:31.360514576Z [inf]    graphApiVersion: 'v25.0',
2026-09-17T00:53:31.360518396Z [inf]    phoneNumberId: '1352742341246338',
2026-09-17T00:53:31.360521826Z [inf]    recipientOriginal: '54*******2272',
2026-09-17T00:53:31.360524936Z [inf]    recipientFinal: '54******2272',
2026-09-17T00:53:31.360528136Z [inf]    recipientLength: 12,
2026-09-17T00:53:31.360532206Z [inf]    messageType: 'text'
2026-09-17T00:53:31.360535266Z [inf]  }
2026-09-17T00:53:31.360538355Z [inf]  
2026-09-17T00:53:31.360542705Z [inf]  Mensaje de WhatsApp procesado correctamente
2026-09-17T00:53:31.360860659Z [inf]  incoming request
2026-09-17T00:53:31.360863629Z [inf]  request completed
2026-09-17T00:53:31.360866109Z [inf]  incoming request
2026-09-17T00:53:31.360868749Z [inf]  request completed
2026-09-17T00:53:51.360504697Z [inf]  incoming request
2026-09-17T00:53:51.360508667Z [inf]  
2026-09-17T00:53:51.360512467Z [inf]  request completed
2026-09-17T00:53:51.360516837Z [inf]  Procesando mensaje de WhatsApp
2026-09-17T00:53:51.360520207Z [inf]  
2026-09-17T00:53:51.360523487Z [inf]  Meta Graph API request: {
2026-09-17T00:53:51.360526797Z [inf]    graphApiVersion: 'v25.0',
2026-09-17T00:53:51.360530447Z [inf]    phoneNumberId: '1352742341246338',
2026-09-17T00:53:51.360533407Z [inf]    recipientOriginal: '54*******2272',
2026-09-17T00:53:51.360619555Z [inf]    recipientFinal: '54******2272',
2026-09-17T00:53:51.360625665Z [inf]    recipientLength: 12,
2026-09-17T00:53:51.360630115Z [inf]    messageType: 'text'
2026-09-17T00:53:51.360633575Z [inf]  }
2026-09-17T00:53:51.360637155Z [inf]  
2026-09-17T00:53:51.360642404Z [inf]  Mensaje de WhatsApp procesado correctamente
2026-09-17T00:53:51.615198377Z [inf]  incoming request
2026-09-17T00:53:51.615204187Z [inf]  request completed
2026-09-17T00:53:51.777194039Z [inf]  incoming request
2026-09-17T00:53:51.777197749Z [inf]  request completed
2026-09-17T00:53:56.461600125Z [inf]  incoming request
2026-09-17T00:53:56.461602885Z [inf]  
2026-09-17T00:53:56.461605205Z [inf]  request completed
2026-09-17T00:53:56.461608915Z [inf]  Procesando mensaje de WhatsApp
2026-09-17T00:53:56.892856930Z [inf]  
2026-09-17T00:53:56.892861770Z [inf]  Meta Graph API request: {
2026-09-17T00:53:56.892865030Z [inf]    graphApiVersion: 'v25.0',
2026-09-17T00:53:56.892868270Z [inf]    phoneNumberId: '1352742341246338',
2026-09-17T00:53:56.892870830Z [inf]    recipientOriginal: '54*******2272',
2026-09-17T00:53:56.892874030Z [inf]    recipientFinal: '54******2272',
2026-09-17T00:53:56.892877719Z [inf]    recipientLength: 12,
2026-09-17T00:53:56.892880809Z [inf]    messageType: 'text'
2026-09-17T00:53:56.892883889Z [inf]  }
2026-09-17T00:53:57.440058667Z [inf]  
2026-09-17T00:53:57.639371568Z [inf]  Mensaje de WhatsApp procesado correctamente
2026-09-17T00:53:58.713514166Z [inf]  incoming request
2026-09-17T00:53:58.713518596Z [inf]  request completed
2026-09-17T00:53:59.507728550Z [inf]  incoming request
2026-09-17T00:53:59.507731140Z [inf]  request completed
2026-09-17T00:54:01.958547310Z [inf]  incoming request
2026-09-17T00:54:01.961235575Z [inf]  
2026-09-17T00:54:01.961240015Z [inf]  request completed
2026-09-17T00:54:01.961243435Z [inf]  Procesando mensaje de WhatsApp
2026-09-17T00:54:02.386437713Z [inf]  
2026-09-17T00:54:02.386441532Z [inf]  Meta Graph API request: {
2026-09-17T00:54:02.386447192Z [inf]    graphApiVersion: 'v25.0',
2026-09-17T00:54:02.386451672Z [inf]    phoneNumberId: '1352742341246338',
2026-09-17T00:54:02.386455342Z [inf]    recipientOriginal: '54*******2272',
2026-09-17T00:54:02.386459002Z [inf]    recipientFinal: '54******2272',
2026-09-17T00:54:02.386462852Z [inf]    recipientLength: 12,
2026-09-17T00:54:02.386466452Z [inf]    messageType: 'text'
2026-09-17T00:54:02.386471512Z [inf]  }
2026-09-17T00:54:02.975460105Z [inf]  
2026-09-17T00:54:03.182121816Z [inf]  Mensaje de WhatsApp procesado correctamente
2026-09-17T00:54:03.893751347Z [inf]  incoming request
2026-09-17T00:54:03.893755256Z [inf]  request completed
2026-09-17T00:54:04.394858384Z [inf]  incoming request
2026-09-17T00:54:04.394861154Z [inf]  request completed
2026-09-17T00:55:34.774653963Z [inf]    recipientFinal: '54******2272',
2026-09-17T00:55:34.774663523Z [inf]    recipientLength: 12,
2026-09-17T00:55:34.774668302Z [inf]    messageType: 'text'
2026-09-17T00:55:34.774672052Z [inf]  }
2026-09-17T00:55:34.774675962Z [inf]  
2026-09-17T00:55:34.774680052Z [inf]  Mensaje de WhatsApp procesado correctamente
2026-09-17T00:55:34.774681752Z [inf]  incoming request
2026-09-17T00:55:34.774685692Z [inf]  
2026-09-17T00:55:34.774689292Z [inf]  request completed
2026-09-17T00:55:34.774692842Z [inf]  Procesando mensaje de WhatsApp
2026-09-17T00:55:34.774696842Z [inf]  Meta Graph API request: {
2026-09-17T00:55:34.774701222Z [inf]    graphApiVersion: 'v25.0',
2026-09-17T00:55:34.774705932Z [inf]    phoneNumberId: '1352742341246338',
2026-09-17T00:55:34.774709922Z [inf]    recipientOriginal: '54*******2272',
2026-09-17T00:55:34.774794450Z [inf]  incoming request
2026-09-17T00:55:34.774798570Z [inf]  request completed
2026-09-17T00:55:34.774803400Z [inf]  incoming request
2026-09-17T00:55:34.774806600Z [inf]  request completed
2026-09-17T00:55:54.773310957Z [inf]  incoming request
2026-09-17T00:55:54.773315257Z [inf]  
2026-09-17T00:55:54.773318127Z [inf]  request completed
2026-09-17T00:55:54.773320857Z [inf]  Procesando mensaje de WhatsApp
2026-09-17T00:55:56.241318436Z [inf]  }
2026-09-17T00:55:56.241344455Z [inf]    recipientOriginal: '54*******2272',
2026-09-17T00:55:56.241356485Z [inf]    recipientFinal: '54******2272',
2026-09-17T00:55:56.241359635Z [inf]  Meta Graph API request: {
2026-09-17T00:55:56.241363865Z [inf]    recipientLength: 12,
2026-09-17T00:55:56.241366355Z [inf]    graphApiVersion: 'v25.0',
2026-09-17T00:55:56.241371225Z [inf]    messageType: 'text'
2026-09-17T00:55:56.241373485Z [inf]    phoneNumberId: '1352742341246338',
2026-09-17T00:55:56.738287796Z [inf]  
2026-09-17T00:55:56.912897399Z [inf]  Mensaje de WhatsApp procesado correctamente
2026-09-17T00:55:57.681660559Z [inf]  incoming request
2026-09-17T00:55:57.681665599Z [inf]  request completed
2026-09-17T00:55:58.393218306Z [inf]  incoming request
2026-09-17T00:55:58.393221616Z [inf]  request completed